Report:
  dateRange: 2017-08-01...2018-04-01
  tenant: Marie Černá, Jindřišská 16, 111 50 Praha 1
  owner: Jan Novák, majitel@example.com
  placeDate: V Praze, 2018-03-20
  sources: Vyúčtování služeb od Společenství vlastníků za rok 2019
  sections:
    Studená voda: 4574.17
    Teplá voda: 8834.87
    Vytápění: 8759.28
    Ostatní poplatky: 6538.00
    Přijaté zálohy: -32000
    TOTAL: -3293.68

Studená voda:
  readings:
    [1] 2017-08-01...2018-04-01: 2.68...55.77 = 53.09
  priceList:
    2017-08-01...2018-01-01: 33.181 * 85.42 = 2834.34
    2018-01-01...2018-04-01: 19.909 * 87.39 = 1739.83

Teplá voda:
  readings:
    [1] 2017-08-01...2018-04-01: 0.673...36.45 = 35.777
  priceList:
    2017-08-01...2018-01-01: 22.361 * 85.42 = 1910.04
    2018-01-01...2018-04-01: 13.416 * 87.39 = 1172.46
  heatingBasicParts:
    2017-08-01...2018-04-01: 8.00 * 128.58 = 1028.67
  heatingConsumableParts:
    2017-08-01...2018-04-01: 35.777 * 132.031863 = 4723.70

Vytápění:
  2017-08: 1.00 * 10344 * 0.0 = 0.00
  2017-09: 1.00 * 10344 * 0.01 = 103.44
  2017-10: 1.00 * 10344 * 0.08 = 827.52
  2017-11: 1.00 * 10344 * 0.14 = 1448.16
  2017-12: 1.00 * 10344 * 0.17 = 1758.48
  2018-01: 1.00 * 9432 * 0.19 = 1792.08
  2018-02: 1.00 * 9432 * 0.16 = 1509.12
  2018-03: 1.00 * 9432 * 0.14 = 1320.48

Ostatní poplatky:
  2017-08-01...2018-01-01: 5.00 * 800.00 = 4000.00
  2018-01-01...2018-04-01: 3.00 * 846.00 = 2538.00

Přijaté zálohy:
  Zalohy: 8 * 4000 = 32000
